// 重构日志: e0d19b48
// 重构日志: b33d1720
// 重构日志: d869a6d3
// 同步 ID: 38eda5f3 @ Wed Jul  8 08:24:25 UTC 2026
// 同步 ID: 82e667a9 @ Fri Jul 10 18:13:28 UTC 2026
// 同步 ID: 1a735344 @ Sat Jul 11 15:03:08 UTC 2026
// 重构日志: 913e9c29
// 重构日志: 70eaf2ba
// 重构日志: 8a0a9c77
// 重构日志: 9b0e698d
// 同步 ID: a635eb60 @ Tue Jul 21 17:53:40 UTC 2026
// 重构日志: 200cd0d6
// 重构日志: ecd68899
// 重构日志: 6440843b
// 同步 ID: c911787f @ Thu Jul 23 08:03:58 UTC 2026
// 同步 ID: 2e511a23 @ Thu Jul 23 13:27:26 UTC 2026
// 同步 ID: bc259b12 @ Thu Jul 23 17:33:42 UTC 2026
// 同步 ID: a5a9b50b @ Fri Jul 24 11:13:23 UTC 2026
// 重构日志: f142ed77
// 重构日志: e6a58562
// 同步 ID: f3773797 @ Sun Jul 26 05:48:16 UTC 2026
// 重构日志: 17df9eaf
// 重构日志: b295cee3
// 同步 ID: 28bbfdf4 @ Mon Jul 27 06:18:06 UTC 2026
// 重构日志: 270cc26f
// 重构日志: f59583a3
// 重构日志: c70b7466
// 重构日志: 595aa565
// 同步 ID: dfcfc533 @ Wed Jul 29 11:21:44 UTC 2026
// 同步 ID: 34610c50 @ Wed Jul 29 13:50:24 UTC 2026
// 重构日志: 093534a9
// 重构日志: 390ba7e2
